### Standard mappings

## Main content

[jnt:mainContentContainer] = jnt:mainContent
 - mainContentBody = body
 - mainContentAlign = align
 - mainContentTitle = mix:title.jcr:title
 - mainContentImage = image

## Text container

[jnt:textContainer] = jnt:bigText
 - bigText = jnt:bigText.text

## File container

[jnt:fileContainer] = jnt:nodeReference
 - file = j:node
 - fileDisplayDetails = jmix:renderableReference.j:referenceTemplate
   true = details
   false = link

## Portlet containers

[jnt:portletContainer] = jnt:nodeReference
 - portlet = j:node

### Webtemplates mappings

[web_templates:title] = mix:title
 - title = mix:title.jcr:title
 
## File container

[web_templates:fileContainer] = jnt:nodeReference
 - file = j:node
 - fileDisplayDetails = jmix:renderableReference.j:referenceTemplate
   true = details
   false = link

## News module

[web_templates:newsContainer] = jnt:news
 - newsTitle = mix:title.jcr:title
 - newsDesc = desc
 - newsImage = image
 - newslink = link
 - newsDate = date

[web_templates:lastNewsContainer] = jnt:lastNews
 - display = jmix:renderableList.j:subNodesTemplate
   medium = default

## Events module

[web_templates:eventContainer] = jnt:event
 - eventsType = eventsType
   events.type.meeting = meeting
   events.type.consumer.show = consumer.show
   events.type.road.show = road.show
   events.type.conference = conference

## Job module

[web_templates:jobContainer] = jnt:job
 - country = country
   Spain = ES

## Promo

[web_templates:promoAdvancedContainer] = jnt:teaser

## Banner

[web_templates:bannerContainer] = jnt:banner

## Publication

[web_templates:publicationContainer] = jnt:publication

## People

[web_templates:peopleContainer] = jnt:people
 - peopleFirstname = firstname
 - peopleLastname = lastname
 - peopleFunction = function
 - peopleBusinessUnit = businessUnit
 - peopleTelephone = telephone
 - peopleCellular = cellular
 - peopleFax = fax
 - peopleEmail = email
 - peopleBiography = biography
 - peoplePicture = picture

## Press

[web_templates:pressContainer] = jnt:press
 - title = mix:title.jcr:title

## Text containers

[web_templates:introductionContainer] = jnt:bigText
   { addMixin jmix:renderable }
   { setProperty [j:template=introduction] }
 - introduction = jnt:bigText.text

[web_templates:logoContainer] = jnt:nodeReference
 - logo = j:node

[web_templates:footerContentContainer] = jnt:bigText
 - footer = text

[web_templates:bottomLinksContainer] = #skip

## Box

[jnt:box] = jnt:box
 - boxTitle = mix:title.jcr:title
 - skin = jmix:skinnable.j:skin

## Menu
[jnt:navLink] = #navlink
 - navLink = #navlink
 
[web_templates:home] = jnt:page
   { addNode topMenu(jnt:navMenu) } 
   { addNode autoTopMenuLevel0(topMenu, jnt:navMenuMultilevel) [j:startLevel=0, j:maxDepth=1] }   
   { addNode autoTopMenuLevel1(topMenu, jnt:navMenuMultilevel) [j:startLevel=1, j:maxDepth=1] }   
   { addNode sideMenu(jnt:navMenu) [jmix:renderable.j:template=sideMenu] }
   { addNode autoSideMenu(sideMenu, jnt:navMenuMultilevel) [j:startLevel=2, j:maxDepth=3] }   
   
[web_templates:simple] = jnt:page   
   { addNode topMenu(jnt:navMenu) } 
   { addNode autoTopMenuLevel0(topMenu, jnt:navMenuMultilevel) [j:startLevel=0, j:maxDepth=1] }   
   { addNode autoTopMenuLevel1(topMenu, jnt:navMenuMultilevel) [j:startLevel=1, j:maxDepth=1] }      
   { addNode sideMenu(jnt:navMenu) [jmix:renderable.j:template=sideMenu] }
   { addNode autoSideMenu(sideMenu, jnt:navMenuMultilevel) [j:startLevel=2, j:maxDepth=3] }

## Pages

#[web_templates:home] = jnt:page
# { addNode maincontent(jnt:row) [column=2col124] } 
# { setProperty [column=2col124] } 
# + logo = logo(jnt:contentList)
# + banner = maincontent(jnt:row).col1(jnt:contentList)
# + promo = maincontent(jnt:row), setProperty column=2col124, col1(jnt:contentList)
# + promoLarge = maincontent(jnt:row), setProperty column=2col124, col1(jnt:contentList)
# + columnA_box = maincontent(jnt:row), setProperty column=2col124, col1(jnt:contentList)
# + columnB_box = maincontent(jnt:row), setProperty column=2col124, col2(jnt:contentList)
# + footerContainerList = footer(jnt:contentList)
# + logoFooter = logoFooter(jnt:contentList)

#[web_templates:simple] = jnt:page
# + mainColumn_box = maincontent(jnt:row), setProperty column=2col124, col1(jnt:contentList)
# + columnB_box = maincontent(jnt:row), setProperty column=2col124, col1(jnt:contentList)
# + maincontent = maincontent(jnt:row), setProperty column=2col124, col1(jnt:contentList)
