### Standard mappings

## Box

jnt:box = #box
*.boxTitle = mix:title.jcr:title
*.skin = jmix:skinnable.j:skin

## Menu
jnt:navLink.navLink = navLink
web_templates:home.navLink = jnt:navBar.topMenu, setProperty j:startLevel=0, setProperty j:maxDepth=1
*.navLink = jnt:navBar.sideMenu, setProperty j:startLevel=2, setProperty j:maxDepth=3, setProperty jmix:renderable.j:template=sideMenu

## Main content

jnt:mainContentContainer = jnt:mainContent
jnt:mainContentContainer.mainContentBody = body
jnt:mainContentContainer.mainContentAlign = align
jnt:mainContentContainer.mainContentTitle = mix:title.jcr:title
jnt:mainContentContainer.mainContentImage = image

## Text container

jnt:textContainer = jnt:bigText
jnt:textContainer.bigText = jnt:bigText.text

## File container

jnt:fileContainer = jnt:nodeReference
jnt:fileContainer.file = j:node
jnt:fileContainer.fileDisplayDetails = jmix:renderableReference.j:referenceTemplate
jnt:fileContainer.fileDisplayDetails.true = details
jnt:fileContainer.fileDisplayDetails.false = link

## Portlet containers

jnt:portletContainer = jnt:nodeReference
jnt:portletContainer.portlet = j:node

### Webtemplates mappings

## File container

web_templates:fileContainer = jnt:nodeReference
web_templates:fileContainer.file = j:node
web_templates:fileContainer.fileDisplayDetails = jmix:renderableReference.j:referenceTemplate
web_templates:fileContainer.fileDisplayDetails.true = details
web_templates:fileContainer.fileDisplayDetails.false = link

## News module

web_templates:newsContainer = jnt:news
web_templates:newsContainer.newsTitle = mix:title.jcr:title
web_templates:newsContainer.newsDesc = desc
web_templates:newsContainer.newsImage = image
web_templates:newsContainer.newslink = link
web_templates:newsContainer.newsDate = date
web_templates:lastNewsContainer = jnt:lastNews
web_templates:lastNewsContainer.display = jmix:renderableList.j:subNodesTemplate
web_templates:lastNewsContainer.display.medium = default

## Events module

web_templates:eventContainer = jnt:event
web_templates:eventContainer.eventsType.events.type.meeting = meeting
web_templates:eventContainer.eventsType.events.type.consumer.show = consumer.show
web_templates:eventContainer.eventsType.events.type.road.show = road.show
web_templates:eventContainer.eventsType.events.type.conference = conference

## Job module

web_templates:jobContainer = jnt:job
web_templates:jobContainer.country.Spain = ES

## Promo

web_templates:promoAdvancedContainer = jnt:teaser

## Banner

web_templates:bannerContainer = jnt:banner

## Publication

web_templates:publicationContainer = jnt:publication

## People

web_templates:peopleContainer = jnt:people
web_templates:peopleContainer.peopleFirstname = firstname
web_templates:peopleContainer.peopleLastname = lastname
web_templates:peopleContainer.peopleFunction = function
web_templates:peopleContainer.peopleBusinessUnit = businessUnit
web_templates:peopleContainer.peopleTelephone = telephone
web_templates:peopleContainer.peopleCellular = cellular
web_templates:peopleContainer.peopleFax = fax
web_templates:peopleContainer.peopleEmail = email
web_templates:peopleContainer.peopleBiography = biography
web_templates:peopleContainer.peoplePicture = picture

## Press

web_templates:pressContainer = jnt:press
web_templates:pressContainer.title = jcr:title

## Text containers

web_templates:introductionContainer = jnt:bigText, setProperty jmix:renderable.j:template=introduction
web_templates:introductionContainer.introduction = jnt:bigText.text

web_templates:logoContainer = jnt:nodeReference
web_templates:logoContainer.logo = j:node

web_templates:footerContentContainer = jnt:bigText
web_templates:footerContentContainer.footer = jnt:bigText.text

web_templates:bottomLinksContainer = #skip

